(program
  (let
    (nonrec)
    (datatypebind
      (datatype
        (tyvardecl MyExternalRecord (type))

        MyExternalRecord_match
        (vardecl MyExternalRecord (fun (con integer) MyExternalRecord))
      )
    )
    (termbind
      (strict)
      (vardecl myExternal (fun MyExternalRecord (con integer)))
      (lam
        ds
        MyExternalRecord
        [
          { [ MyExternalRecord_match ds ] (con integer) }
          (lam
            p
            (prod (con integer))
            (let
              (nonrec)
              (termbind (strict) (vardecl ds (con integer)) (proj 0 p))
              ds
            )
          )
        ]
      )
    )
    myExternal
  )
)