(program
  (let
    (rec)
    (datatypebind
      (datatype
        (tyvardecl List (fun (type) (type)))
        (tyvardecl a (type))
        Nil_match
        (vardecl Nil [ List a ])
        (vardecl Cons (fun a (fun [ List a ] [ List a ])))
      )
    )
    (let
      (nonrec)
      (datatypebind
        (datatype
          (tyvardecl Monoid (fun (type) (type)))
          (tyvardecl a (type))
          Monoid_match
          (vardecl
            CConsMonoid
            (fun [ (lam a (type) (fun a (fun a a))) a ] (fun a [ Monoid a ]))
          )
        )
      )
      (let
        (rec)
        (termbind
          (strict)
          (vardecl
            fFoldableNil_cfoldMap
            (all
              m
              (type)
              (all
                a (type) (fun [ Monoid m ] (fun (fun a m) (fun [ List a ] m)))
              )
            )
          )
          (abs
            m
            (type)
            (abs
              a
              (type)
              (lam
                dMonoid
                [ Monoid m ]
                (lam
                  ds
                  (fun a m)
                  (lam
                    ds
                    [ List a ]
                    [
                      [
                        { [ { Nil_match a } ds ] m }
                        (lam
                          p
                          (prod )
                          [
                            { [ { Monoid_match m } dMonoid ] m }
                            (lam
                              p
                              (prod [ (lam a (type) (fun a (fun a a))) m ] m)
                              (proj 1 p)
                            )
                          ]
                        )
                      ]
                      (lam
                        p
                        (prod a [ List a ])
                        [
                          [
                            [
                              {
                                [ { Monoid_match m } dMonoid ]
                                [ (lam a (type) (fun a (fun a a))) m ]
                              }
                              (lam
                                p
                                (prod [ (lam a (type) (fun a (fun a a))) m ] m)
                                (proj 0 p)
                              )
                            ]
                            [ ds (proj 0 p) ]
                          ]
                          [
                            [ [ { { fFoldableNil_cfoldMap m } a } dMonoid ] ds ]
                            (proj 1 p)
                          ]
                        ]
                      )
                    ]
                  )
                )
              )
            )
          )
        )
        (let
          (nonrec)
          (datatypebind
            (datatype
              (tyvardecl Maybe (fun (type) (type)))
              (tyvardecl a (type))
              Maybe_match
              (vardecl Just (fun a [ Maybe a ])) (vardecl Nothing [ Maybe a ])
            )
          )
          (datatypebind
            (datatype
              (tyvardecl Bool (type))

              Bool_match
              (vardecl True Bool) (vardecl False Bool)
            )
          )
          (termbind
            (strict)
            (vardecl x [ List (con integer) ])
            [
              [
                {
                  (abs
                    a
                    (type)
                    (lam
                      c
                      (fun (con integer) (fun a a))
                      (lam
                        n
                        a
                        [
                          [ c (con integer 1) ]
                          [
                            [ c (con integer 2) ]
                            [
                              [ c (con integer 3) ]
                              [
                                [ c (con integer 4) ]
                                [
                                  [ c (con integer 5) ]
                                  [
                                    [ c (con integer 6) ]
                                    [
                                      [ c (con integer 7) ]
                                      [
                                        [ c (con integer 8) ]
                                        [
                                          [ c (con integer 9) ]
                                          [ [ c (con integer 10) ] n ]
                                        ]
                                      ]
                                    ]
                                  ]
                                ]
                              ]
                            ]
                          ]
                        ]
                      )
                    )
                  )
                  [ List (con integer) ]
                }
                { Cons (con integer) }
              ]
              { Nil (con integer) }
            ]
          )
          [
            [
              [
                {
                  {
                    fFoldableNil_cfoldMap
                    [ (lam a (type) [ Maybe a ]) (con integer) ]
                  }
                  (con integer)
                }
                [
                  [
                    { CConsMonoid [ (lam a (type) [ Maybe a ]) (con integer) ] }
                    (lam
                      ds
                      [ (lam a (type) [ Maybe a ]) (con integer) ]
                      (lam
                        b
                        [ (lam a (type) [ Maybe a ]) (con integer) ]
                        [
                          [
                            {
                              [ { Maybe_match (con integer) } ds ]
                              [ (lam a (type) [ Maybe a ]) (con integer) ]
                            }
                            (lam p (prod (con integer)) ds)
                          ]
                          (lam p (prod ) b)
                        ]
                      )
                    )
                  ]
                  { Nothing (con integer) }
                ]
              ]
              (lam
                x
                (con integer)
                [
                  [
                    {
                      [
                        Bool_match
                        [
                          [
                            [
                              { (builtin ifThenElse) Bool }
                              [
                                [
                                  (builtin lessThanEqualsInteger)
                                  (con integer 10)
                                ]
                                x
                              ]
                            ]
                            False
                          ]
                          True
                        ]
                      ]
                      [ Maybe (con integer) ]
                    }
                    (lam p (prod ) [ { Just (con integer) } x ])
                  ]
                  (lam p (prod ) { Nothing (con integer) })
                ]
              )
            ]
            x
          ]
        )
      )
    )
  )
)