(program
  (let
    (nonrec)
    (datatypebind
      (datatype
        (tyvardecl RecordNewtype (type))

        RecordNewtype_match
        (vardecl RecordNewtype (fun (con integer) RecordNewtype))
      )
    )
    (lam
      ds
      RecordNewtype
      [
        { [ RecordNewtype_match ds ] (con integer) }
        (lam
          p
          (prod (con integer))
          (let
            (nonrec)
            (termbind (strict) (vardecl ds (con integer)) (proj 0 p))
            ds
          )
        )
      ]
    )
  )
)