(program
  (let
    (nonrec)
    (datatypebind
      (datatype
        (tyvardecl Bool (type))

        Bool_match
        (vardecl True Bool) (vardecl False Bool)
      )
    )
    (datatypebind
      (datatype (tyvardecl Unit (type))  Unit_match (vardecl Unit Unit))
    )
    (lam
      ds
      Bool
      [
        [ { [ Bool_match ds ] Unit } (lam p (prod ) Unit) ]
        (lam p (prod ) (error Unit))
      ]
    )
  )
)