(delay
  (lam
    case_Tuple2_68
    [
      [ case_Tuple2_68 (con integer 1) ]
      (delay
        (lam
          case_Nil_57
          (lam
            case_Cons_58
            [
              [ case_Cons_58 (con integer 2) ]
              (delay
                (lam
                  case_Nil_57
                  (lam
                    case_Cons_58
                    [
                      [ case_Cons_58 (con integer 3) ]
                      (delay (lam case_Nil_53 (lam case_Cons_54 case_Nil_53)))
                    ]
                  )
                )
              )
            ]
          )
        )
      )
    ]
  )
)