(program
  (let
    (nonrec)
    (datatypebind
      (datatype
        (tyvardecl RBasicDataBool (type))

        RConsBasicDataBool_match
        (vardecl Inst (fun (con integer) RBasicDataBool))
      )
    )
    (lam
      ds
      RBasicDataBool
      [
        { [ RConsBasicDataBool_match ds ] (con integer) }
        (lam
          p
          (prod (con integer))
          (let
            (nonrec) (termbind (strict) (vardecl i (con integer)) (proj 0 p)) i
          )
        )
      ]
    )
  )
)