(program
  (let
    (nonrec)
    (datatypebind
      (datatype
        (tyvardecl Bool (type))

        Bool_match
        (vardecl True Bool) (vardecl False Bool)
      )
    )
    (lam
      ds
      Bool
      [
        [ { [ Bool_match ds ] (con integer) } (lam p (prod ) (con integer 1)) ]
        (lam p (prod ) (con integer 2))
      ]
    )
  )
)